Analysis & Synthesis report for multiply
Wed Feb 15 23:03:50 2023
Quartus Prime Version 18.1.0 Build 625 09/12/2018 SJ Lite Edition


---------------------
; Table of Contents ;
---------------------
  1. Legal Notice
  2. Analysis & Synthesis Summary
  3. Analysis & Synthesis Settings
  4. Parallel Compilation
  5. Analysis & Synthesis Source Files Read
  6. Analysis & Synthesis Resource Usage Summary
  7. Analysis & Synthesis Resource Utilization by Entity
  8. State Machine - |multiply|control:control_unit|curr_state
  9. Registers Removed During Synthesis
 10. General Register Statistics
 11. Multiplexer Restructuring Statistics (Restructuring Performed)
 12. Port Connectivity Checks: "add_sub:adder"
 13. Port Connectivity Checks: "reg_1:X"
 14. Port Connectivity Checks: "reg_8:B_reg"
 15. Port Connectivity Checks: "reg_8:A_reg"
 16. Post-Synthesis Netlist Statistics for Top Partition
 17. Elapsed Time Per Partition
 18. Analysis & Synthesis Messages
 19. Analysis & Synthesis Suppressed Messages



----------------
; Legal Notice ;
----------------
Copyright (C) 2018  Intel Corporation. All rights reserved.
Your use of Intel Corporation's design tools, logic functions 
and other software and tools, and its AMPP partner logic 
functions, and any output files from any of the foregoing 
(including device programming or simulation files), and any 
associated documentation or information are expressly subject 
to the terms and conditions of the Intel Program License 
Subscription Agreement, the Intel Quartus Prime License Agreement,
the Intel FPGA IP License Agreement, or other applicable license
agreement, including, without limitation, that your use is for
the sole purpose of programming logic devices manufactured by
Intel and sold by Intel or its authorized distributors.  Please
refer to the applicable agreement for further details.



+----------------------------------------------------------------------------------+
; Analysis & Synthesis Summary                                                     ;
+------------------------------------+---------------------------------------------+
; Analysis & Synthesis Status        ; Successful - Wed Feb 15 23:03:50 2023       ;
; Quartus Prime Version              ; 18.1.0 Build 625 09/12/2018 SJ Lite Edition ;
; Revision Name                      ; multiply                                    ;
; Top-level Entity Name              ; multiply                                    ;
; Family                             ; MAX 10                                      ;
; Total logic elements               ; 72                                          ;
;     Total combinational functions  ; 72                                          ;
;     Dedicated logic registers      ; 35                                          ;
; Total registers                    ; 35                                          ;
; Total pins                         ; 64                                          ;
; Total virtual pins                 ; 0                                           ;
; Total memory bits                  ; 0                                           ;
; Embedded Multiplier 9-bit elements ; 0                                           ;
; Total PLLs                         ; 0                                           ;
; UFM blocks                         ; 0                                           ;
; ADC blocks                         ; 0                                           ;
+------------------------------------+---------------------------------------------+


+------------------------------------------------------------------------------------------------------------+
; Analysis & Synthesis Settings                                                                              ;
+------------------------------------------------------------------+--------------------+--------------------+
; Option                                                           ; Setting            ; Default Value      ;
+------------------------------------------------------------------+--------------------+--------------------+
; Device                                                           ; 10M50DAF484C7G     ;                    ;
; Top-level entity name                                            ; multiply           ; multiply           ;
; Family name                                                      ; MAX 10             ; Cyclone V          ;
; Use smart compilation                                            ; Off                ; Off                ;
; Enable parallel Assembler and Timing Analyzer during compilation ; On                 ; On                 ;
; Enable compact report table                                      ; Off                ; Off                ;
; Restructure Multiplexers                                         ; Auto               ; Auto               ;
; Create Debugging Nodes for IP Cores                              ; Off                ; Off                ;
; Preserve fewer node names                                        ; On                 ; On                 ;
; Intel FPGA IP Evaluation Mode                                    ; Enable             ; Enable             ;
; Verilog Version                                                  ; Verilog_2001       ; Verilog_2001       ;
; VHDL Version                                                     ; VHDL_1993          ; VHDL_1993          ;
; State Machine Processing                                         ; Auto               ; Auto               ;
; Safe State Machine                                               ; Off                ; Off                ;
; Extract Verilog State Machines                                   ; On                 ; On                 ;
; Extract VHDL State Machines                                      ; On                 ; On                 ;
; Ignore Verilog initial constructs                                ; Off                ; Off                ;
; Iteration limit for constant Verilog loops                       ; 5000               ; 5000               ;
; Iteration limit for non-constant Verilog loops                   ; 250                ; 250                ;
; Add Pass-Through Logic to Inferred RAMs                          ; On                 ; On                 ;
; Infer RAMs from Raw Logic                                        ; On                 ; On                 ;
; Parallel Synthesis                                               ; On                 ; On                 ;
; DSP Block Balancing                                              ; Auto               ; Auto               ;
; NOT Gate Push-Back                                               ; On                 ; On                 ;
; Power-Up Don't Care                                              ; On                 ; On                 ;
; Remove Redundant Logic Cells                                     ; Off                ; Off                ;
; Remove Duplicate Registers                                       ; On                 ; On                 ;
; Ignore CARRY Buffers                                             ; Off                ; Off                ;
; Ignore CASCADE Buffers                                           ; Off                ; Off                ;
; Ignore GLOBAL Buffers                                            ; Off                ; Off                ;
; Ignore ROW GLOBAL Buffers                                        ; Off                ; Off                ;
; Ignore LCELL Buffers                                             ; Off                ; Off                ;
; Ignore SOFT Buffers                                              ; On                 ; On                 ;
; Limit AHDL Integers to 32 Bits                                   ; Off                ; Off                ;
; Optimization Technique                                           ; Balanced           ; Balanced           ;
; Carry Chain Length                                               ; 70                 ; 70                 ;
; Auto Carry Chains                                                ; On                 ; On                 ;
; Auto Open-Drain Pins                                             ; On                 ; On                 ;
; Perform WYSIWYG Primitive Resynthesis                            ; Off                ; Off                ;
; Auto ROM Replacement                                             ; On                 ; On                 ;
; Auto RAM Replacement                                             ; On                 ; On                 ;
; Auto DSP Block Replacement                                       ; On                 ; On                 ;
; Auto Shift Register Replacement                                  ; Auto               ; Auto               ;
; Allow Shift Register Merging across Hierarchies                  ; Auto               ; Auto               ;
; Auto Clock Enable Replacement                                    ; On                 ; On                 ;
; Strict RAM Replacement                                           ; Off                ; Off                ;
; Allow Synchronous Control Signals                                ; On                 ; On                 ;
; Force Use of Synchronous Clear Signals                           ; Off                ; Off                ;
; Auto RAM Block Balancing                                         ; On                 ; On                 ;
; Auto RAM to Logic Cell Conversion                                ; Off                ; Off                ;
; Auto Resource Sharing                                            ; Off                ; Off                ;
; Allow Any RAM Size For Recognition                               ; Off                ; Off                ;
; Allow Any ROM Size For Recognition                               ; Off                ; Off                ;
; Allow Any Shift Register Size For Recognition                    ; Off                ; Off                ;
; Use LogicLock Constraints during Resource Balancing              ; On                 ; On                 ;
; Ignore translate_off and synthesis_off directives                ; Off                ; Off                ;
; Timing-Driven Synthesis                                          ; On                 ; On                 ;
; Report Parameter Settings                                        ; On                 ; On                 ;
; Report Source Assignments                                        ; On                 ; On                 ;
; Report Connectivity Checks                                       ; On                 ; On                 ;
; Ignore Maximum Fan-Out Assignments                               ; Off                ; Off                ;
; Synchronization Register Chain Length                            ; 2                  ; 2                  ;
; Power Optimization During Synthesis                              ; Normal compilation ; Normal compilation ;
; HDL message level                                                ; Level2             ; Level2             ;
; Suppress Register Optimization Related Messages                  ; Off                ; Off                ;
; Number of Removed Registers Reported in Synthesis Report         ; 5000               ; 5000               ;
; Number of Swept Nodes Reported in Synthesis Report               ; 5000               ; 5000               ;
; Number of Inverted Registers Reported in Synthesis Report        ; 100                ; 100                ;
; Clock MUX Protection                                             ; On                 ; On                 ;
; Auto Gated Clock Conversion                                      ; Off                ; Off                ;
; Block Design Naming                                              ; Auto               ; Auto               ;
; SDC constraint protection                                        ; Off                ; Off                ;
; Synthesis Effort                                                 ; Auto               ; Auto               ;
; Shift Register Replacement - Allow Asynchronous Clear Signal     ; On                 ; On                 ;
; Pre-Mapping Resynthesis Optimization                             ; Off                ; Off                ;
; Analysis & Synthesis Message Level                               ; Medium             ; Medium             ;
; Disable Register Merging Across Hierarchies                      ; Auto               ; Auto               ;
; Resource Aware Inference For Block RAM                           ; On                 ; On                 ;
+------------------------------------------------------------------+--------------------+--------------------+


+------------------------------------------+
; Parallel Compilation                     ;
+----------------------------+-------------+
; Processors                 ; Number      ;
+----------------------------+-------------+
; Number detected on machine ; 8           ;
; Maximum allowed            ; 8           ;
;                            ;             ;
; Average used               ; 1.00        ;
; Maximum used               ; 8           ;
;                            ;             ;
; Usage by Processor         ; % Time Used ;
;     Processor 1            ; 100.0%      ;
;     Processors 2-8         ;   0.0%      ;
+----------------------------+-------------+


+---------------------------------------------------------------------------------------------------------------------------------------------------------+
; Analysis & Synthesis Source Files Read                                                                                                                  ;
+----------------------------------+-----------------+------------------------------+-----------------------------------------------------------+---------+
; File Name with User-Entered Path ; Used in Netlist ; File Type                    ; File Name with Absolute Path                              ; Library ;
+----------------------------------+-----------------+------------------------------+-----------------------------------------------------------+---------+
; HexDriver.sv                     ; yes             ; User SystemVerilog HDL File  ; C:/Users/Mechi/Desktop/ece 385 uiuc/lab4/HexDriver.sv     ;         ;
; full_adder.sv                    ; yes             ; User SystemVerilog HDL File  ; C:/Users/Mechi/Desktop/ece 385 uiuc/lab4/full_adder.sv    ;         ;
; control.sv                       ; yes             ; User SystemVerilog HDL File  ; C:/Users/Mechi/Desktop/ece 385 uiuc/lab4/control.sv       ;         ;
; addition_unit.sv                 ; yes             ; User SystemVerilog HDL File  ; C:/Users/Mechi/Desktop/ece 385 uiuc/lab4/addition_unit.sv ;         ;
; multiply.sv                      ; yes             ; User SystemVerilog HDL File  ; C:/Users/Mechi/Desktop/ece 385 uiuc/lab4/multiply.sv      ;         ;
; reg_8.sv                         ; yes             ; User SystemVerilog HDL File  ; C:/Users/Mechi/Desktop/ece 385 uiuc/lab4/reg_8.sv         ;         ;
+----------------------------------+-----------------+------------------------------+-----------------------------------------------------------+---------+


+----------------------------------------------------------------------+
; Analysis & Synthesis Resource Usage Summary                          ;
+---------------------------------------------+------------------------+
; Resource                                    ; Usage                  ;
+---------------------------------------------+------------------------+
; Estimated Total logic elements              ; 72                     ;
;                                             ;                        ;
; Total combinational functions               ; 72                     ;
; Logic element usage by number of LUT inputs ;                        ;
;     -- 4 input functions                    ; 45                     ;
;     -- 3 input functions                    ; 26                     ;
;     -- <=2 input functions                  ; 1                      ;
;                                             ;                        ;
; Logic elements by mode                      ;                        ;
;     -- normal mode                          ; 72                     ;
;     -- arithmetic mode                      ; 0                      ;
;                                             ;                        ;
; Total registers                             ; 35                     ;
;     -- Dedicated logic registers            ; 35                     ;
;     -- I/O registers                        ; 0                      ;
;                                             ;                        ;
; I/O pins                                    ; 64                     ;
;                                             ;                        ;
; Embedded Multiplier 9-bit elements          ; 0                      ;
;                                             ;                        ;
; Maximum fan-out node                        ; Reset_Load_Clear~input ;
; Maximum fan-out                             ; 37                     ;
; Total fan-out                               ; 459                    ;
; Average fan-out                             ; 1.95                   ;
+---------------------------------------------+------------------------+


+---------------------------------------------------------------------------------------------------------------------------------------------------------------------------------------------------------------------------------------------------------------------------+
; Analysis & Synthesis Resource Utilization by Entity                                                                                                                                                                                                                       ;
+----------------------------+---------------------+---------------------------+-------------+------------+--------------+---------+-----------+------+--------------+------------+----------------------------------------------------------+---------------+--------------+
; Compilation Hierarchy Node ; Combinational ALUTs ; Dedicated Logic Registers ; Memory Bits ; UFM Blocks ; DSP Elements ; DSP 9x9 ; DSP 18x18 ; Pins ; Virtual Pins ; ADC blocks ; Full Hierarchy Name                                      ; Entity Name   ; Library Name ;
+----------------------------+---------------------+---------------------------+-------------+------------+--------------+---------+-----------+------+--------------+------------+----------------------------------------------------------+---------------+--------------+
; |multiply                  ; 72 (3)              ; 35 (0)                    ; 0           ; 0          ; 0            ; 0       ; 0         ; 64   ; 0            ; 0          ; |multiply                                                ; multiply      ; work         ;
;    |HexDriver:HexBL|       ; 7 (7)               ; 0 (0)                     ; 0           ; 0          ; 0            ; 0       ; 0         ; 0    ; 0            ; 0          ; |multiply|HexDriver:HexBL                                ; HexDriver     ; work         ;
;    |HexDriver:HexBU|       ; 7 (7)               ; 0 (0)                     ; 0           ; 0          ; 0            ; 0       ; 0         ; 0    ; 0            ; 0          ; |multiply|HexDriver:HexBU                                ; HexDriver     ; work         ;
;    |add_sub:adder|         ; 15 (0)              ; 0 (0)                     ; 0           ; 0          ; 0            ; 0       ; 0         ; 0    ; 0            ; 0          ; |multiply|add_sub:adder                                  ; add_sub       ; work         ;
;       |addition_unit:sub|  ; 15 (0)              ; 0 (0)                     ; 0           ; 0          ; 0            ; 0       ; 0         ; 0    ; 0            ; 0          ; |multiply|add_sub:adder|addition_unit:sub                ; addition_unit ; work         ;
;          |full_adder:FA0|  ; 1 (1)               ; 0 (0)                     ; 0           ; 0          ; 0            ; 0       ; 0         ; 0    ; 0            ; 0          ; |multiply|add_sub:adder|addition_unit:sub|full_adder:FA0 ; full_adder    ; work         ;
;          |full_adder:FA1|  ; 2 (2)               ; 0 (0)                     ; 0           ; 0          ; 0            ; 0       ; 0         ; 0    ; 0            ; 0          ; |multiply|add_sub:adder|addition_unit:sub|full_adder:FA1 ; full_adder    ; work         ;
;          |full_adder:FA2|  ; 2 (2)               ; 0 (0)                     ; 0           ; 0          ; 0            ; 0       ; 0         ; 0    ; 0            ; 0          ; |multiply|add_sub:adder|addition_unit:sub|full_adder:FA2 ; full_adder    ; work         ;
;          |full_adder:FA3|  ; 2 (2)               ; 0 (0)                     ; 0           ; 0          ; 0            ; 0       ; 0         ; 0    ; 0            ; 0          ; |multiply|add_sub:adder|addition_unit:sub|full_adder:FA3 ; full_adder    ; work         ;
;          |full_adder:FA4|  ; 2 (2)               ; 0 (0)                     ; 0           ; 0          ; 0            ; 0       ; 0         ; 0    ; 0            ; 0          ; |multiply|add_sub:adder|addition_unit:sub|full_adder:FA4 ; full_adder    ; work         ;
;          |full_adder:FA5|  ; 2 (2)               ; 0 (0)                     ; 0           ; 0          ; 0            ; 0       ; 0         ; 0    ; 0            ; 0          ; |multiply|add_sub:adder|addition_unit:sub|full_adder:FA5 ; full_adder    ; work         ;
;          |full_adder:FA6|  ; 2 (2)               ; 0 (0)                     ; 0           ; 0          ; 0            ; 0       ; 0         ; 0    ; 0            ; 0          ; |multiply|add_sub:adder|addition_unit:sub|full_adder:FA6 ; full_adder    ; work         ;
;          |full_adder:FA7|  ; 1 (1)               ; 0 (0)                     ; 0           ; 0          ; 0            ; 0       ; 0         ; 0    ; 0            ; 0          ; |multiply|add_sub:adder|addition_unit:sub|full_adder:FA7 ; full_adder    ; work         ;
;          |full_adder:FA8|  ; 1 (1)               ; 0 (0)                     ; 0           ; 0          ; 0            ; 0       ; 0         ; 0    ; 0            ; 0          ; |multiply|add_sub:adder|addition_unit:sub|full_adder:FA8 ; full_adder    ; work         ;
;    |control:control_unit|  ; 20 (20)             ; 18 (18)                   ; 0           ; 0          ; 0            ; 0       ; 0         ; 0    ; 0            ; 0          ; |multiply|control:control_unit                           ; control       ; work         ;
;    |reg_1:X|               ; 2 (2)               ; 1 (1)                     ; 0           ; 0          ; 0            ; 0       ; 0         ; 0    ; 0            ; 0          ; |multiply|reg_1:X                                        ; reg_1         ; work         ;
;    |reg_8:A_reg|           ; 9 (9)               ; 8 (8)                     ; 0           ; 0          ; 0            ; 0       ; 0         ; 0    ; 0            ; 0          ; |multiply|reg_8:A_reg                                    ; reg_8         ; work         ;
;    |reg_8:B_reg|           ; 9 (9)               ; 8 (8)                     ; 0           ; 0          ; 0            ; 0       ; 0         ; 0    ; 0            ; 0          ; |multiply|reg_8:B_reg                                    ; reg_8         ; work         ;
+----------------------------+---------------------+---------------------------+-------------+------------+--------------+---------+-----------+------+--------------+------------+----------------------------------------------------------+---------------+--------------+
Note: For table entries with two numbers listed, the numbers in parentheses indicate the number of resources of the given type used by the specific entity alone. The numbers listed outside of parentheses indicate the total resources of the given type used by the specific entity and all of its sub-entities in the hierarchy.


Encoding Type:  One-Hot
+-------------------------------------------------------------------------------------------------------------------------------------------------------------------------------------------------------------------------------------------------------------------------------------------------------------------------------------------------------------------------------+
; State Machine - |multiply|control:control_unit|curr_state                                                                                                                                                                                                                                                                                                                     ;
+-----------------------+-----------------+-----------------------+-------------------+-------------------+-------------------+-------------------+-------------------+-------------------+-------------------+----------------+-----------------+-----------------+-----------------+-----------------+-----------------+-----------------+-----------------+------------------+
; Name                  ; curr_state.Halt ; curr_state.Last_Shift ; curr_state.Shift7 ; curr_state.Shift6 ; curr_state.Shift5 ; curr_state.Shift4 ; curr_state.Shift3 ; curr_state.Shift2 ; curr_state.Shift1 ; curr_state.Sub ; curr_state.Add7 ; curr_state.Add6 ; curr_state.Add5 ; curr_state.Add4 ; curr_state.Add3 ; curr_state.Add2 ; curr_state.Add1 ; curr_state.Start ;
+-----------------------+-----------------+-----------------------+-------------------+-------------------+-------------------+-------------------+-------------------+-------------------+-------------------+----------------+-----------------+-----------------+-----------------+-----------------+-----------------+-----------------+-----------------+------------------+
; curr_state.Start      ; 0               ; 0                     ; 0                 ; 0                 ; 0                 ; 0                 ; 0                 ; 0                 ; 0                 ; 0              ; 0               ; 0               ; 0               ; 0               ; 0               ; 0               ; 0               ; 0                ;
; curr_state.Add1       ; 0               ; 0                     ; 0                 ; 0                 ; 0                 ; 0                 ; 0                 ; 0                 ; 0                 ; 0              ; 0               ; 0               ; 0               ; 0               ; 0               ; 0               ; 1               ; 1                ;
; curr_state.Add2       ; 0               ; 0                     ; 0                 ; 0                 ; 0                 ; 0                 ; 0                 ; 0                 ; 0                 ; 0              ; 0               ; 0               ; 0               ; 0               ; 0               ; 1               ; 0               ; 1                ;
; curr_state.Add3       ; 0               ; 0                     ; 0                 ; 0                 ; 0                 ; 0                 ; 0                 ; 0                 ; 0                 ; 0              ; 0               ; 0               ; 0               ; 0               ; 1               ; 0               ; 0               ; 1                ;
; curr_state.Add4       ; 0               ; 0                     ; 0                 ; 0                 ; 0                 ; 0                 ; 0                 ; 0                 ; 0                 ; 0              ; 0               ; 0               ; 0               ; 1               ; 0               ; 0               ; 0               ; 1                ;
; curr_state.Add5       ; 0               ; 0                     ; 0                 ; 0                 ; 0                 ; 0                 ; 0                 ; 0                 ; 0                 ; 0              ; 0               ; 0               ; 1               ; 0               ; 0               ; 0               ; 0               ; 1                ;
; curr_state.Add6       ; 0               ; 0                     ; 0                 ; 0                 ; 0                 ; 0                 ; 0                 ; 0                 ; 0                 ; 0              ; 0               ; 1               ; 0               ; 0               ; 0               ; 0               ; 0               ; 1                ;
; curr_state.Add7       ; 0               ; 0                     ; 0                 ; 0                 ; 0                 ; 0                 ; 0                 ; 0                 ; 0                 ; 0              ; 1               ; 0               ; 0               ; 0               ; 0               ; 0               ; 0               ; 1                ;
; curr_state.Sub        ; 0               ; 0                     ; 0                 ; 0                 ; 0                 ; 0                 ; 0                 ; 0                 ; 0                 ; 1              ; 0               ; 0               ; 0               ; 0               ; 0               ; 0               ; 0               ; 1                ;
; curr_state.Shift1     ; 0               ; 0                     ; 0                 ; 0                 ; 0                 ; 0                 ; 0                 ; 0                 ; 1                 ; 0              ; 0               ; 0               ; 0               ; 0               ; 0               ; 0               ; 0               ; 1                ;
; curr_state.Shift2     ; 0               ; 0                     ; 0                 ; 0                 ; 0                 ; 0                 ; 0                 ; 1                 ; 0                 ; 0              ; 0               ; 0               ; 0               ; 0               ; 0               ; 0               ; 0               ; 1                ;
; curr_state.Shift3     ; 0               ; 0                     ; 0                 ; 0                 ; 0                 ; 0                 ; 1                 ; 0                 ; 0                 ; 0              ; 0               ; 0               ; 0               ; 0               ; 0               ; 0               ; 0               ; 1                ;
; curr_state.Shift4     ; 0               ; 0                     ; 0                 ; 0                 ; 0                 ; 1                 ; 0                 ; 0                 ; 0                 ; 0              ; 0               ; 0               ; 0               ; 0               ; 0               ; 0               ; 0               ; 1                ;
; curr_state.Shift5     ; 0               ; 0                     ; 0                 ; 0                 ; 1                 ; 0                 ; 0                 ; 0                 ; 0                 ; 0              ; 0               ; 0               ; 0               ; 0               ; 0               ; 0               ; 0               ; 1                ;
; curr_state.Shift6     ; 0               ; 0                     ; 0                 ; 1                 ; 0                 ; 0                 ; 0                 ; 0                 ; 0                 ; 0              ; 0               ; 0               ; 0               ; 0               ; 0               ; 0               ; 0               ; 1                ;
; curr_state.Shift7     ; 0               ; 0                     ; 1                 ; 0                 ; 0                 ; 0                 ; 0                 ; 0                 ; 0                 ; 0              ; 0               ; 0               ; 0               ; 0               ; 0               ; 0               ; 0               ; 1                ;
; curr_state.Last_Shift ; 0               ; 1                     ; 0                 ; 0                 ; 0                 ; 0                 ; 0                 ; 0                 ; 0                 ; 0              ; 0               ; 0               ; 0               ; 0               ; 0               ; 0               ; 0               ; 1                ;
; curr_state.Halt       ; 1               ; 0                     ; 0                 ; 0                 ; 0                 ; 0                 ; 0                 ; 0                 ; 0                 ; 0              ; 0               ; 0               ; 0               ; 0               ; 0               ; 0               ; 0               ; 1                ;
+-----------------------+-----------------+-----------------------+-------------------+-------------------+-------------------+-------------------+-------------------+-------------------+-------------------+----------------+-----------------+-----------------+-----------------+-----------------+-----------------+-----------------+-----------------+------------------+


+------------------------------------------------------------+
; Registers Removed During Synthesis                         ;
+---------------------------------------+--------------------+
; Register name                         ; Reason for Removal ;
+---------------------------------------+--------------------+
; control:control_unit|curr_state~2     ; Lost fanout        ;
; control:control_unit|curr_state~3     ; Lost fanout        ;
; control:control_unit|curr_state~4     ; Lost fanout        ;
; control:control_unit|curr_state~5     ; Lost fanout        ;
; control:control_unit|curr_state~6     ; Lost fanout        ;
; Total Number of Removed Registers = 5 ;                    ;
+---------------------------------------+--------------------+


+------------------------------------------------------+
; General Register Statistics                          ;
+----------------------------------------------+-------+
; Statistic                                    ; Value ;
+----------------------------------------------+-------+
; Total registers                              ; 35    ;
; Number of registers using Synchronous Clear  ; 18    ;
; Number of registers using Synchronous Load   ; 0     ;
; Number of registers using Asynchronous Clear ; 0     ;
; Number of registers using Asynchronous Load  ; 0     ;
; Number of registers using Clock Enable       ; 16    ;
; Number of registers using Preset             ; 0     ;
+----------------------------------------------+-------+


+-------------------------------------------------------------------------------------------------------------------------------------------------+
; Multiplexer Restructuring Statistics (Restructuring Performed)                                                                                  ;
+--------------------+-----------+---------------+----------------------+------------------------+------------+-----------------------------------+
; Multiplexer Inputs ; Bus Width ; Baseline Area ; Area if Restructured ; Saving if Restructured ; Registered ; Example Multiplexer Output        ;
+--------------------+-----------+---------------+----------------------+------------------------+------------+-----------------------------------+
; 3:1                ; 8 bits    ; 16 LEs        ; 8 LEs                ; 8 LEs                  ; Yes        ; |multiply|reg_8:B_reg|Data_Out[1] ;
; 4:1                ; 8 bits    ; 16 LEs        ; 16 LEs               ; 0 LEs                  ; Yes        ; |multiply|reg_8:A_reg|Data_Out[7] ;
+--------------------+-----------+---------------+----------------------+------------------------+------------+-----------------------------------+


+----------------------------------------------------------------------------------------------------------------+
; Port Connectivity Checks: "add_sub:adder"                                                                      ;
+------+--------+----------+-------------------------------------------------------------------------------------+
; Port ; Type   ; Severity ; Details                                                                             ;
+------+--------+----------+-------------------------------------------------------------------------------------+
; cin  ; Input  ; Info     ; Stuck at GND                                                                        ;
; cout ; Output ; Info     ; Connected to dangling logic. Logic that only feeds a dangling port will be removed. ;
+------+--------+----------+-------------------------------------------------------------------------------------+


+------------------------------------------------------+
; Port Connectivity Checks: "reg_1:X"                  ;
+----------+-------+----------+------------------------+
; Port     ; Type  ; Severity ; Details                ;
+----------+-------+----------+------------------------+
; Shift_In ; Input ; Info     ; Explicitly unconnected ;
+----------+-------+----------+------------------------+


+-----------------------------------------+
; Port Connectivity Checks: "reg_8:B_reg" ;
+-------+-------+----------+--------------+
; Port  ; Type  ; Severity ; Details      ;
+-------+-------+----------+--------------+
; Reset ; Input ; Info     ; Stuck at GND ;
+-------+-------+----------+--------------+


+------------------------------------------------------------------------------------------------------------------------------------------------------------------------------------------------------------+
; Port Connectivity Checks: "reg_8:A_reg"                                                                                                                                                                    ;
+------+-------+----------+----------------------------------------------------------------------------------------------------------------------------------------------------------------------------------+
; Port ; Type  ; Severity ; Details                                                                                                                                                                          ;
+------+-------+----------+----------------------------------------------------------------------------------------------------------------------------------------------------------------------------------+
; D    ; Input ; Warning  ; Input port expression (9 bits) is wider than the input port (8 bits) it drives.  The 1 most-significant bit(s) in the expression will be dangling if they have no other fanouts. ;
+------+-------+----------+----------------------------------------------------------------------------------------------------------------------------------------------------------------------------------+


+-----------------------------------------------------+
; Post-Synthesis Netlist Statistics for Top Partition ;
+-----------------------+-----------------------------+
; Type                  ; Count                       ;
+-----------------------+-----------------------------+
; boundary_port         ; 64                          ;
; cycloneiii_ff         ; 35                          ;
;     ENA               ; 8                           ;
;     ENA SCLR          ; 8                           ;
;     SCLR              ; 10                          ;
;     plain             ; 9                           ;
; cycloneiii_lcell_comb ; 76                          ;
;     normal            ; 76                          ;
;         0 data inputs ; 2                           ;
;         1 data inputs ; 2                           ;
;         2 data inputs ; 1                           ;
;         3 data inputs ; 26                          ;
;         4 data inputs ; 45                          ;
;                       ;                             ;
; Max LUT depth         ; 9.00                        ;
; Average LUT depth     ; 3.25                        ;
+-----------------------+-----------------------------+


+-------------------------------+
; Elapsed Time Per Partition    ;
+----------------+--------------+
; Partition Name ; Elapsed Time ;
+----------------+--------------+
; Top            ; 00:00:00     ;
+----------------+--------------+


+-------------------------------+
; Analysis & Synthesis Messages ;
+-------------------------------+
Info: *******************************************************************
Info: Running Quartus Prime Analysis & Synthesis
    Info: Version 18.1.0 Build 625 09/12/2018 SJ Lite Edition
    Info: Processing started: Wed Feb 15 23:03:32 2023
Info: Command: quartus_map --read_settings_files=on --write_settings_files=off multiply -c multiply
Warning (18236): Number of processors has not been specified which may cause overloading on shared machines.  Set the global assignment NUM_PARALLEL_PROCESSORS in your QSF to an appropriate value for best performance.
Info (20030): Parallel compilation is enabled and will use 8 of the 8 processors detected
Info (12021): Found 1 design units, including 1 entities, in source file hexdriver.sv
    Info (12023): Found entity 1: HexDriver File: C:/Users/Mechi/Desktop/ece 385 uiuc/lab4/HexDriver.sv Line: 1
Info (12021): Found 1 design units, including 1 entities, in source file full_adder.sv
    Info (12023): Found entity 1: full_adder File: C:/Users/Mechi/Desktop/ece 385 uiuc/lab4/full_adder.sv Line: 1
Info (12021): Found 1 design units, including 1 entities, in source file control.sv
    Info (12023): Found entity 1: control File: C:/Users/Mechi/Desktop/ece 385 uiuc/lab4/control.sv Line: 7
Info (12021): Found 1 design units, including 1 entities, in source file mux2_1_17.sv
    Info (12023): Found entity 1: mux2_1_17 File: C:/Users/Mechi/Desktop/ece 385 uiuc/lab4/mux2_1_17.sv Line: 1
Info (12021): Found 1 design units, including 1 entities, in source file reg_17.sv
    Info (12023): Found entity 1: reg_17 File: C:/Users/Mechi/Desktop/ece 385 uiuc/lab4/reg_17.sv Line: 1
Info (12021): Found 2 design units, including 2 entities, in source file addition_unit.sv
    Info (12023): Found entity 1: addition_unit File: C:/Users/Mechi/Desktop/ece 385 uiuc/lab4/addition_unit.sv Line: 1
    Info (12023): Found entity 2: add_sub File: C:/Users/Mechi/Desktop/ece 385 uiuc/lab4/addition_unit.sv Line: 22
Info (12021): Found 1 design units, including 1 entities, in source file multiply.sv
    Info (12023): Found entity 1: multiply File: C:/Users/Mechi/Desktop/ece 385 uiuc/lab4/multiply.sv Line: 13
Info (12021): Found 2 design units, including 2 entities, in source file reg_8.sv
    Info (12023): Found entity 1: reg_8 File: C:/Users/Mechi/Desktop/ece 385 uiuc/lab4/reg_8.sv Line: 1
    Info (12023): Found entity 2: reg_1 File: C:/Users/Mechi/Desktop/ece 385 uiuc/lab4/reg_8.sv Line: 29
Info (12021): Found 3 design units, including 3 entities, in source file synchronizers.sv
    Info (12023): Found entity 1: sync File: C:/Users/Mechi/Desktop/ece 385 uiuc/lab4/Synchronizers.sv Line: 4
    Info (12023): Found entity 2: sync_r0 File: C:/Users/Mechi/Desktop/ece 385 uiuc/lab4/Synchronizers.sv Line: 18
    Info (12023): Found entity 3: sync_r1 File: C:/Users/Mechi/Desktop/ece 385 uiuc/lab4/Synchronizers.sv Line: 39
Info (12021): Found 1 design units, including 1 entities, in source file testbench.sv
    Info (12023): Found entity 1: testbench File: C:/Users/Mechi/Desktop/ece 385 uiuc/lab4/testbench.sv Line: 1
Info (12127): Elaborating entity "multiply" for the top level hierarchy
Warning (10036): Verilog HDL or VHDL warning at multiply.sv(52): object "Ld_X" assigned a value but never read File: C:/Users/Mechi/Desktop/ece 385 uiuc/lab4/multiply.sv Line: 52
Warning (10034): Output port "LED" at multiply.sv(16) has no driver File: C:/Users/Mechi/Desktop/ece 385 uiuc/lab4/multiply.sv Line: 16
Info (12128): Elaborating entity "reg_8" for hierarchy "reg_8:A_reg" File: C:/Users/Mechi/Desktop/ece 385 uiuc/lab4/multiply.sv Line: 80
Info (12128): Elaborating entity "reg_1" for hierarchy "reg_1:X" File: C:/Users/Mechi/Desktop/ece 385 uiuc/lab4/multiply.sv Line: 86
Info (12128): Elaborating entity "add_sub" for hierarchy "add_sub:adder" File: C:/Users/Mechi/Desktop/ece 385 uiuc/lab4/multiply.sv Line: 89
Info (12128): Elaborating entity "addition_unit" for hierarchy "add_sub:adder|addition_unit:sub" File: C:/Users/Mechi/Desktop/ece 385 uiuc/lab4/addition_unit.sv Line: 30
Info (12128): Elaborating entity "full_adder" for hierarchy "add_sub:adder|addition_unit:sub|full_adder:FA0" File: C:/Users/Mechi/Desktop/ece 385 uiuc/lab4/addition_unit.sv Line: 9
Info (12128): Elaborating entity "control" for hierarchy "control:control_unit" File: C:/Users/Mechi/Desktop/ece 385 uiuc/lab4/multiply.sv Line: 93
Info (12128): Elaborating entity "HexDriver" for hierarchy "HexDriver:HexAL" File: C:/Users/Mechi/Desktop/ece 385 uiuc/lab4/multiply.sv Line: 97
Warning (12241): 1 hierarchies have connectivity warnings - see the Connectivity Checks report folder
Warning (13024): Output pins are stuck at VCC or GND
    Warning (13410): Pin "HEX2[0]" is stuck at GND File: C:/Users/Mechi/Desktop/ece 385 uiuc/lab4/multiply.sv Line: 15
    Warning (13410): Pin "HEX2[1]" is stuck at GND File: C:/Users/Mechi/Desktop/ece 385 uiuc/lab4/multiply.sv Line: 15
    Warning (13410): Pin "HEX2[2]" is stuck at GND File: C:/Users/Mechi/Desktop/ece 385 uiuc/lab4/multiply.sv Line: 15
    Warning (13410): Pin "HEX2[3]" is stuck at GND File: C:/Users/Mechi/Desktop/ece 385 uiuc/lab4/multiply.sv Line: 15
    Warning (13410): Pin "HEX2[4]" is stuck at GND File: C:/Users/Mechi/Desktop/ece 385 uiuc/lab4/multiply.sv Line: 15
    Warning (13410): Pin "HEX2[5]" is stuck at GND File: C:/Users/Mechi/Desktop/ece 385 uiuc/lab4/multiply.sv Line: 15
    Warning (13410): Pin "HEX2[6]" is stuck at VCC File: C:/Users/Mechi/Desktop/ece 385 uiuc/lab4/multiply.sv Line: 15
    Warning (13410): Pin "HEX3[0]" is stuck at GND File: C:/Users/Mechi/Desktop/ece 385 uiuc/lab4/multiply.sv Line: 15
    Warning (13410): Pin "HEX3[1]" is stuck at GND File: C:/Users/Mechi/Desktop/ece 385 uiuc/lab4/multiply.sv Line: 15
    Warning (13410): Pin "HEX3[2]" is stuck at GND File: C:/Users/Mechi/Desktop/ece 385 uiuc/lab4/multiply.sv Line: 15
    Warning (13410): Pin "HEX3[3]" is stuck at GND File: C:/Users/Mechi/Desktop/ece 385 uiuc/lab4/multiply.sv Line: 15
    Warning (13410): Pin "HEX3[4]" is stuck at GND File: C:/Users/Mechi/Desktop/ece 385 uiuc/lab4/multiply.sv Line: 15
    Warning (13410): Pin "HEX3[5]" is stuck at GND File: C:/Users/Mechi/Desktop/ece 385 uiuc/lab4/multiply.sv Line: 15
    Warning (13410): Pin "HEX3[6]" is stuck at VCC File: C:/Users/Mechi/Desktop/ece 385 uiuc/lab4/multiply.sv Line: 15
    Warning (13410): Pin "LED[0]" is stuck at GND File: C:/Users/Mechi/Desktop/ece 385 uiuc/lab4/multiply.sv Line: 16
    Warning (13410): Pin "LED[1]" is stuck at GND File: C:/Users/Mechi/Desktop/ece 385 uiuc/lab4/multiply.sv Line: 16
    Warning (13410): Pin "LED[2]" is stuck at GND File: C:/Users/Mechi/Desktop/ece 385 uiuc/lab4/multiply.sv Line: 16
    Warning (13410): Pin "LED[3]" is stuck at GND File: C:/Users/Mechi/Desktop/ece 385 uiuc/lab4/multiply.sv Line: 16
    Warning (13410): Pin "LED[4]" is stuck at GND File: C:/Users/Mechi/Desktop/ece 385 uiuc/lab4/multiply.sv Line: 16
    Warning (13410): Pin "LED[5]" is stuck at GND File: C:/Users/Mechi/Desktop/ece 385 uiuc/lab4/multiply.sv Line: 16
    Warning (13410): Pin "LED[6]" is stuck at GND File: C:/Users/Mechi/Desktop/ece 385 uiuc/lab4/multiply.sv Line: 16
    Warning (13410): Pin "LED[7]" is stuck at GND File: C:/Users/Mechi/Desktop/ece 385 uiuc/lab4/multiply.sv Line: 16
Info (286030): Timing-Driven Synthesis is running
Info (17049): 5 registers lost all their fanouts during netlist optimizations.
Info (144001): Generated suppressed messages file C:/Users/Mechi/Desktop/ece 385 uiuc/lab4/output_files/multiply.map.smsg
Info (16010): Generating hard_block partition "hard_block:auto_generated_inst"
    Info (16011): Adding 0 node(s), including 0 DDIO, 0 PLL, 0 transceiver and 0 LCELL
Info (21057): Implemented 136 device resources after synthesis - the final resource count might be different
    Info (21058): Implemented 11 input pins
    Info (21059): Implemented 53 output pins
    Info (21061): Implemented 72 logic cells
Info: Quartus Prime Analysis & Synthesis was successful. 0 errors, 27 warnings
    Info: Peak virtual memory: 4812 megabytes
    Info: Processing ended: Wed Feb 15 23:03:50 2023
    Info: Elapsed time: 00:00:18
    Info: Total CPU time (on all processors): 00:00:11


+------------------------------------------+
; Analysis & Synthesis Suppressed Messages ;
+------------------------------------------+
The suppressed messages can be found in C:/Users/Mechi/Desktop/ece 385 uiuc/lab4/output_files/multiply.map.smsg.


